Copyright 1986-2019 Xilinx, Inc. All Rights Reserved.
---------------------------------------------------------------------------------------------------------------------------------------------------------------------------------
| Tool Version : Vivado v.2019.2 (lin64) Build 2708876 Wed Nov  6 21:39:14 MST 2019
| Date         : Tue Jul 16 12:16:43 2024
| Host         : higgs.physics.ucsb.edu running 64-bit Scientific Linux release 7.9 (Nitrogen)
| Command      : report_drc -file example_ibert_ultrascale_gth_0_drc_opted.rpt -pb example_ibert_ultrascale_gth_0_drc_opted.pb -rpx example_ibert_ultrascale_gth_0_drc_opted.rpx
| Design       : example_ibert_ultrascale_gth_0
| Device       : xcku035-ffva1156-1-c
| Speed File   : -1
| Design State : Synthesized
---------------------------------------------------------------------------------------------------------------------------------------------------------------------------------

Report DRC

Table of Contents
-----------------
1. REPORT SUMMARY
2. REPORT DETAILS

1. REPORT SUMMARY
-----------------
            Netlist: netlist
          Floorplan: design_1
      Design limits: <entire design considered>
           Ruledeck: default
             Max violations: <unlimited>
             Violations found: 96
+-----------+----------+---------------------------------------------------------------------+------------+
| Rule      | Severity | Description                                                         | Violations |
+-----------+----------+---------------------------------------------------------------------+------------+
| AVAL-155  | Advisory | enum_AMULTSEL_BMULTSEL_enum_DREG_ADREG_0_connects_CED_CEAD_RSTD_GND | 32         |
| AVAL-156  | Advisory | enum_USE_MULT_NONE__enum_DREG_ADREG_0_connects_CED_CEAD_RSTD_GND    | 32         |
| REQP-1701 | Advisory | enum_DREG_0_connects_CED_GND                                        | 32         |
+-----------+----------+---------------------------------------------------------------------+------------+

2. REPORT DETAILS
-----------------
AVAL-155#1 Advisory
enum_AMULTSEL_BMULTSEL_enum_DREG_ADREG_0_connects_CED_CEAD_RSTD_GND  
u_ibert_gth_core/inst/QUAD[0].u_q/CH[0].u_ch/U_PATTERN_HANDLER/bit_err_counter/u_accum_inst/i_synth/i_baseip.i_xbip_accum/dsp48_implementation.use_usecase.i_xbip_dsp48_acc/i_synth_option.i_synth_model/opt_vx5.i_uniwrap/i_primitive: DSP48E2 is not using the D port (AMULTSEL = A and BMULTSEL = B). For improved power characteristics, set DREG and ADREG to '1', tie CED, CEAD, and RSTD to logic '0'.
Related violations: <none>

AVAL-155#2 Advisory
enum_AMULTSEL_BMULTSEL_enum_DREG_ADREG_0_connects_CED_CEAD_RSTD_GND  
u_ibert_gth_core/inst/QUAD[0].u_q/CH[0].u_ch/U_PATTERN_HANDLER/rx_word_counter/u_accum_inst/i_synth/i_baseip.i_xbip_accum/dsp48_implementation.use_usecase.i_xbip_dsp48_acc/i_synth_option.i_synth_model/opt_vx5.i_uniwrap/i_primitive: DSP48E2 is not using the D port (AMULTSEL = A and BMULTSEL = B). For improved power characteristics, set DREG and ADREG to '1', tie CED, CEAD, and RSTD to logic '0'.
Related violations: <none>

AVAL-155#3 Advisory
enum_AMULTSEL_BMULTSEL_enum_DREG_ADREG_0_connects_CED_CEAD_RSTD_GND  
u_ibert_gth_core/inst/QUAD[0].u_q/CH[1].u_ch/U_PATTERN_HANDLER/bit_err_counter/u_accum_inst/i_synth/i_baseip.i_xbip_accum/dsp48_implementation.use_usecase.i_xbip_dsp48_acc/i_synth_option.i_synth_model/opt_vx5.i_uniwrap/i_primitive: DSP48E2 is not using the D port (AMULTSEL = A and BMULTSEL = B). For improved power characteristics, set DREG and ADREG to '1', tie CED, CEAD, and RSTD to logic '0'.
Related violations: <none>

AVAL-155#4 Advisory
enum_AMULTSEL_BMULTSEL_enum_DREG_ADREG_0_connects_CED_CEAD_RSTD_GND  
u_ibert_gth_core/inst/QUAD[0].u_q/CH[1].u_ch/U_PATTERN_HANDLER/rx_word_counter/u_accum_inst/i_synth/i_baseip.i_xbip_accum/dsp48_implementation.use_usecase.i_xbip_dsp48_acc/i_synth_option.i_synth_model/opt_vx5.i_uniwrap/i_primitive: DSP48E2 is not using the D port (AMULTSEL = A and BMULTSEL = B). For improved power characteristics, set DREG and ADREG to '1', tie CED, CEAD, and RSTD to logic '0'.
Related violations: <none>

AVAL-155#5 Advisory
enum_AMULTSEL_BMULTSEL_enum_DREG_ADREG_0_connects_CED_CEAD_RSTD_GND  
u_ibert_gth_core/inst/QUAD[0].u_q/CH[2].u_ch/U_PATTERN_HANDLER/bit_err_counter/u_accum_inst/i_synth/i_baseip.i_xbip_accum/dsp48_implementation.use_usecase.i_xbip_dsp48_acc/i_synth_option.i_synth_model/opt_vx5.i_uniwrap/i_primitive: DSP48E2 is not using the D port (AMULTSEL = A and BMULTSEL = B). For improved power characteristics, set DREG and ADREG to '1', tie CED, CEAD, and RSTD to logic '0'.
Related violations: <none>

AVAL-155#6 Advisory
enum_AMULTSEL_BMULTSEL_enum_DREG_ADREG_0_connects_CED_CEAD_RSTD_GND  
u_ibert_gth_core/inst/QUAD[0].u_q/CH[2].u_ch/U_PATTERN_HANDLER/rx_word_counter/u_accum_inst/i_synth/i_baseip.i_xbip_accum/dsp48_implementation.use_usecase.i_xbip_dsp48_acc/i_synth_option.i_synth_model/opt_vx5.i_uniwrap/i_primitive: DSP48E2 is not using the D port (AMULTSEL = A and BMULTSEL = B). For improved power characteristics, set DREG and ADREG to '1', tie CED, CEAD, and RSTD to logic '0'.
Related violations: <none>

AVAL-155#7 Advisory
enum_AMULTSEL_BMULTSEL_enum_DREG_ADREG_0_connects_CED_CEAD_RSTD_GND  
u_ibert_gth_core/inst/QUAD[0].u_q/CH[3].u_ch/U_PATTERN_HANDLER/bit_err_counter/u_accum_inst/i_synth/i_baseip.i_xbip_accum/dsp48_implementation.use_usecase.i_xbip_dsp48_acc/i_synth_option.i_synth_model/opt_vx5.i_uniwrap/i_primitive: DSP48E2 is not using the D port (AMULTSEL = A and BMULTSEL = B). For improved power characteristics, set DREG and ADREG to '1', tie CED, CEAD, and RSTD to logic '0'.
Related violations: <none>

AVAL-155#8 Advisory
enum_AMULTSEL_BMULTSEL_enum_DREG_ADREG_0_connects_CED_CEAD_RSTD_GND  
u_ibert_gth_core/inst/QUAD[0].u_q/CH[3].u_ch/U_PATTERN_HANDLER/rx_word_counter/u_accum_inst/i_synth/i_baseip.i_xbip_accum/dsp48_implementation.use_usecase.i_xbip_dsp48_acc/i_synth_option.i_synth_model/opt_vx5.i_uniwrap/i_primitive: DSP48E2 is not using the D port (AMULTSEL = A and BMULTSEL = B). For improved power characteristics, set DREG and ADREG to '1', tie CED, CEAD, and RSTD to logic '0'.
Related violations: <none>

AVAL-155#9 Advisory
enum_AMULTSEL_BMULTSEL_enum_DREG_ADREG_0_connects_CED_CEAD_RSTD_GND  
u_ibert_gth_core/inst/QUAD[1].u_q/CH[0].u_ch/U_PATTERN_HANDLER/bit_err_counter/u_accum_inst/i_synth/i_baseip.i_xbip_accum/dsp48_implementation.use_usecase.i_xbip_dsp48_acc/i_synth_option.i_synth_model/opt_vx5.i_uniwrap/i_primitive: DSP48E2 is not using the D port (AMULTSEL = A and BMULTSEL = B). For improved power characteristics, set DREG and ADREG to '1', tie CED, CEAD, and RSTD to logic '0'.
Related violations: <none>

AVAL-155#10 Advisory
enum_AMULTSEL_BMULTSEL_enum_DREG_ADREG_0_connects_CED_CEAD_RSTD_GND  
u_ibert_gth_core/inst/QUAD[1].u_q/CH[0].u_ch/U_PATTERN_HANDLER/rx_word_counter/u_accum_inst/i_synth/i_baseip.i_xbip_accum/dsp48_implementation.use_usecase.i_xbip_dsp48_acc/i_synth_option.i_synth_model/opt_vx5.i_uniwrap/i_primitive: DSP48E2 is not using the D port (AMULTSEL = A and BMULTSEL = B). For improved power characteristics, set DREG and ADREG to '1', tie CED, CEAD, and RSTD to logic '0'.
Related violations: <none>

AVAL-155#11 Advisory
enum_AMULTSEL_BMULTSEL_enum_DREG_ADREG_0_connects_CED_CEAD_RSTD_GND  
u_ibert_gth_core/inst/QUAD[1].u_q/CH[1].u_ch/U_PATTERN_HANDLER/bit_err_counter/u_accum_inst/i_synth/i_baseip.i_xbip_accum/dsp48_implementation.use_usecase.i_xbip_dsp48_acc/i_synth_option.i_synth_model/opt_vx5.i_uniwrap/i_primitive: DSP48E2 is not using the D port (AMULTSEL = A and BMULTSEL = B). For improved power characteristics, set DREG and ADREG to '1', tie CED, CEAD, and RSTD to logic '0'.
Related violations: <none>

AVAL-155#12 Advisory
enum_AMULTSEL_BMULTSEL_enum_DREG_ADREG_0_connects_CED_CEAD_RSTD_GND  
u_ibert_gth_core/inst/QUAD[1].u_q/CH[1].u_ch/U_PATTERN_HANDLER/rx_word_counter/u_accum_inst/i_synth/i_baseip.i_xbip_accum/dsp48_implementation.use_usecase.i_xbip_dsp48_acc/i_synth_option.i_synth_model/opt_vx5.i_uniwrap/i_primitive: DSP48E2 is not using the D port (AMULTSEL = A and BMULTSEL = B). For improved power characteristics, set DREG and ADREG to '1', tie CED, CEAD, and RSTD to logic '0'.
Related violations: <none>

AVAL-155#13 Advisory
enum_AMULTSEL_BMULTSEL_enum_DREG_ADREG_0_connects_CED_CEAD_RSTD_GND  
u_ibert_gth_core/inst/QUAD[1].u_q/CH[2].u_ch/U_PATTERN_HANDLER/bit_err_counter/u_accum_inst/i_synth/i_baseip.i_xbip_accum/dsp48_implementation.use_usecase.i_xbip_dsp48_acc/i_synth_option.i_synth_model/opt_vx5.i_uniwrap/i_primitive: DSP48E2 is not using the D port (AMULTSEL = A and BMULTSEL = B). For improved power characteristics, set DREG and ADREG to '1', tie CED, CEAD, and RSTD to logic '0'.
Related violations: <none>

AVAL-155#14 Advisory
enum_AMULTSEL_BMULTSEL_enum_DREG_ADREG_0_connects_CED_CEAD_RSTD_GND  
u_ibert_gth_core/inst/QUAD[1].u_q/CH[2].u_ch/U_PATTERN_HANDLER/rx_word_counter/u_accum_inst/i_synth/i_baseip.i_xbip_accum/dsp48_implementation.use_usecase.i_xbip_dsp48_acc/i_synth_option.i_synth_model/opt_vx5.i_uniwrap/i_primitive: DSP48E2 is not using the D port (AMULTSEL = A and BMULTSEL = B). For improved power characteristics, set DREG and ADREG to '1', tie CED, CEAD, and RSTD to logic '0'.
Related violations: <none>

AVAL-155#15 Advisory
enum_AMULTSEL_BMULTSEL_enum_DREG_ADREG_0_connects_CED_CEAD_RSTD_GND  
u_ibert_gth_core/inst/QUAD[1].u_q/CH[3].u_ch/U_PATTERN_HANDLER/bit_err_counter/u_accum_inst/i_synth/i_baseip.i_xbip_accum/dsp48_implementation.use_usecase.i_xbip_dsp48_acc/i_synth_option.i_synth_model/opt_vx5.i_uniwrap/i_primitive: DSP48E2 is not using the D port (AMULTSEL = A and BMULTSEL = B). For improved power characteristics, set DREG and ADREG to '1', tie CED, CEAD, and RSTD to logic '0'.
Related violations: <none>

AVAL-155#16 Advisory
enum_AMULTSEL_BMULTSEL_enum_DREG_ADREG_0_connects_CED_CEAD_RSTD_GND  
u_ibert_gth_core/inst/QUAD[1].u_q/CH[3].u_ch/U_PATTERN_HANDLER/rx_word_counter/u_accum_inst/i_synth/i_baseip.i_xbip_accum/dsp48_implementation.use_usecase.i_xbip_dsp48_acc/i_synth_option.i_synth_model/opt_vx5.i_uniwrap/i_primitive: DSP48E2 is not using the D port (AMULTSEL = A and BMULTSEL = B). For improved power characteristics, set DREG and ADREG to '1', tie CED, CEAD, and RSTD to logic '0'.
Related violations: <none>

AVAL-155#17 Advisory
enum_AMULTSEL_BMULTSEL_enum_DREG_ADREG_0_connects_CED_CEAD_RSTD_GND  
u_ibert_gth_core/inst/QUAD[2].u_q/CH[0].u_ch/U_PATTERN_HANDLER/bit_err_counter/u_accum_inst/i_synth/i_baseip.i_xbip_accum/dsp48_implementation.use_usecase.i_xbip_dsp48_acc/i_synth_option.i_synth_model/opt_vx5.i_uniwrap/i_primitive: DSP48E2 is not using the D port (AMULTSEL = A and BMULTSEL = B). For improved power characteristics, set DREG and ADREG to '1', tie CED, CEAD, and RSTD to logic '0'.
Related violations: <none>

AVAL-155#18 Advisory
enum_AMULTSEL_BMULTSEL_enum_DREG_ADREG_0_connects_CED_CEAD_RSTD_GND  
u_ibert_gth_core/inst/QUAD[2].u_q/CH[0].u_ch/U_PATTERN_HANDLER/rx_word_counter/u_accum_inst/i_synth/i_baseip.i_xbip_accum/dsp48_implementation.use_usecase.i_xbip_dsp48_acc/i_synth_option.i_synth_model/opt_vx5.i_uniwrap/i_primitive: DSP48E2 is not using the D port (AMULTSEL = A and BMULTSEL = B). For improved power characteristics, set DREG and ADREG to '1', tie CED, CEAD, and RSTD to logic '0'.
Related violations: <none>

AVAL-155#19 Advisory
enum_AMULTSEL_BMULTSEL_enum_DREG_ADREG_0_connects_CED_CEAD_RSTD_GND  
u_ibert_gth_core/inst/QUAD[2].u_q/CH[1].u_ch/U_PATTERN_HANDLER/bit_err_counter/u_accum_inst/i_synth/i_baseip.i_xbip_accum/dsp48_implementation.use_usecase.i_xbip_dsp48_acc/i_synth_option.i_synth_model/opt_vx5.i_uniwrap/i_primitive: DSP48E2 is not using the D port (AMULTSEL = A and BMULTSEL = B). For improved power characteristics, set DREG and ADREG to '1', tie CED, CEAD, and RSTD to logic '0'.
Related violations: <none>

AVAL-155#20 Advisory
enum_AMULTSEL_BMULTSEL_enum_DREG_ADREG_0_connects_CED_CEAD_RSTD_GND  
u_ibert_gth_core/inst/QUAD[2].u_q/CH[1].u_ch/U_PATTERN_HANDLER/rx_word_counter/u_accum_inst/i_synth/i_baseip.i_xbip_accum/dsp48_implementation.use_usecase.i_xbip_dsp48_acc/i_synth_option.i_synth_model/opt_vx5.i_uniwrap/i_primitive: DSP48E2 is not using the D port (AMULTSEL = A and BMULTSEL = B). For improved power characteristics, set DREG and ADREG to '1', tie CED, CEAD, and RSTD to logic '0'.
Related violations: <none>

AVAL-155#21 Advisory
enum_AMULTSEL_BMULTSEL_enum_DREG_ADREG_0_connects_CED_CEAD_RSTD_GND  
u_ibert_gth_core/inst/QUAD[2].u_q/CH[2].u_ch/U_PATTERN_HANDLER/bit_err_counter/u_accum_inst/i_synth/i_baseip.i_xbip_accum/dsp48_implementation.use_usecase.i_xbip_dsp48_acc/i_synth_option.i_synth_model/opt_vx5.i_uniwrap/i_primitive: DSP48E2 is not using the D port (AMULTSEL = A and BMULTSEL = B). For improved power characteristics, set DREG and ADREG to '1', tie CED, CEAD, and RSTD to logic '0'.
Related violations: <none>

AVAL-155#22 Advisory
enum_AMULTSEL_BMULTSEL_enum_DREG_ADREG_0_connects_CED_CEAD_RSTD_GND  
u_ibert_gth_core/inst/QUAD[2].u_q/CH[2].u_ch/U_PATTERN_HANDLER/rx_word_counter/u_accum_inst/i_synth/i_baseip.i_xbip_accum/dsp48_implementation.use_usecase.i_xbip_dsp48_acc/i_synth_option.i_synth_model/opt_vx5.i_uniwrap/i_primitive: DSP48E2 is not using the D port (AMULTSEL = A and BMULTSEL = B). For improved power characteristics, set DREG and ADREG to '1', tie CED, CEAD, and RSTD to logic '0'.
Related violations: <none>

AVAL-155#23 Advisory
enum_AMULTSEL_BMULTSEL_enum_DREG_ADREG_0_connects_CED_CEAD_RSTD_GND  
u_ibert_gth_core/inst/QUAD[2].u_q/CH[3].u_ch/U_PATTERN_HANDLER/bit_err_counter/u_accum_inst/i_synth/i_baseip.i_xbip_accum/dsp48_implementation.use_usecase.i_xbip_dsp48_acc/i_synth_option.i_synth_model/opt_vx5.i_uniwrap/i_primitive: DSP48E2 is not using the D port (AMULTSEL = A and BMULTSEL = B). For improved power characteristics, set DREG and ADREG to '1', tie CED, CEAD, and RSTD to logic '0'.
Related violations: <none>

AVAL-155#24 Advisory
enum_AMULTSEL_BMULTSEL_enum_DREG_ADREG_0_connects_CED_CEAD_RSTD_GND  
u_ibert_gth_core/inst/QUAD[2].u_q/CH[3].u_ch/U_PATTERN_HANDLER/rx_word_counter/u_accum_inst/i_synth/i_baseip.i_xbip_accum/dsp48_implementation.use_usecase.i_xbip_dsp48_acc/i_synth_option.i_synth_model/opt_vx5.i_uniwrap/i_primitive: DSP48E2 is not using the D port (AMULTSEL = A and BMULTSEL = B). For improved power characteristics, set DREG and ADREG to '1', tie CED, CEAD, and RSTD to logic '0'.
Related violations: <none>

AVAL-155#25 Advisory
enum_AMULTSEL_BMULTSEL_enum_DREG_ADREG_0_connects_CED_CEAD_RSTD_GND  
u_ibert_gth_core/inst/QUAD[3].u_q/CH[0].u_ch/U_PATTERN_HANDLER/bit_err_counter/u_accum_inst/i_synth/i_baseip.i_xbip_accum/dsp48_implementation.use_usecase.i_xbip_dsp48_acc/i_synth_option.i_synth_model/opt_vx5.i_uniwrap/i_primitive: DSP48E2 is not using the D port (AMULTSEL = A and BMULTSEL = B). For improved power characteristics, set DREG and ADREG to '1', tie CED, CEAD, and RSTD to logic '0'.
Related violations: <none>

AVAL-155#26 Advisory
enum_AMULTSEL_BMULTSEL_enum_DREG_ADREG_0_connects_CED_CEAD_RSTD_GND  
u_ibert_gth_core/inst/QUAD[3].u_q/CH[0].u_ch/U_PATTERN_HANDLER/rx_word_counter/u_accum_inst/i_synth/i_baseip.i_xbip_accum/dsp48_implementation.use_usecase.i_xbip_dsp48_acc/i_synth_option.i_synth_model/opt_vx5.i_uniwrap/i_primitive: DSP48E2 is not using the D port (AMULTSEL = A and BMULTSEL = B). For improved power characteristics, set DREG and ADREG to '1', tie CED, CEAD, and RSTD to logic '0'.
Related violations: <none>

AVAL-155#27 Advisory
enum_AMULTSEL_BMULTSEL_enum_DREG_ADREG_0_connects_CED_CEAD_RSTD_GND  
u_ibert_gth_core/inst/QUAD[3].u_q/CH[1].u_ch/U_PATTERN_HANDLER/bit_err_counter/u_accum_inst/i_synth/i_baseip.i_xbip_accum/dsp48_implementation.use_usecase.i_xbip_dsp48_acc/i_synth_option.i_synth_model/opt_vx5.i_uniwrap/i_primitive: DSP48E2 is not using the D port (AMULTSEL = A and BMULTSEL = B). For improved power characteristics, set DREG and ADREG to '1', tie CED, CEAD, and RSTD to logic '0'.
Related violations: <none>

AVAL-155#28 Advisory
enum_AMULTSEL_BMULTSEL_enum_DREG_ADREG_0_connects_CED_CEAD_RSTD_GND  
u_ibert_gth_core/inst/QUAD[3].u_q/CH[1].u_ch/U_PATTERN_HANDLER/rx_word_counter/u_accum_inst/i_synth/i_baseip.i_xbip_accum/dsp48_implementation.use_usecase.i_xbip_dsp48_acc/i_synth_option.i_synth_model/opt_vx5.i_uniwrap/i_primitive: DSP48E2 is not using the D port (AMULTSEL = A and BMULTSEL = B). For improved power characteristics, set DREG and ADREG to '1', tie CED, CEAD, and RSTD to logic '0'.
Related violations: <none>

AVAL-155#29 Advisory
enum_AMULTSEL_BMULTSEL_enum_DREG_ADREG_0_connects_CED_CEAD_RSTD_GND  
u_ibert_gth_core/inst/QUAD[3].u_q/CH[2].u_ch/U_PATTERN_HANDLER/bit_err_counter/u_accum_inst/i_synth/i_baseip.i_xbip_accum/dsp48_implementation.use_usecase.i_xbip_dsp48_acc/i_synth_option.i_synth_model/opt_vx5.i_uniwrap/i_primitive: DSP48E2 is not using the D port (AMULTSEL = A and BMULTSEL = B). For improved power characteristics, set DREG and ADREG to '1', tie CED, CEAD, and RSTD to logic '0'.
Related violations: <none>

AVAL-155#30 Advisory
enum_AMULTSEL_BMULTSEL_enum_DREG_ADREG_0_connects_CED_CEAD_RSTD_GND  
u_ibert_gth_core/inst/QUAD[3].u_q/CH[2].u_ch/U_PATTERN_HANDLER/rx_word_counter/u_accum_inst/i_synth/i_baseip.i_xbip_accum/dsp48_implementation.use_usecase.i_xbip_dsp48_acc/i_synth_option.i_synth_model/opt_vx5.i_uniwrap/i_primitive: DSP48E2 is not using the D port (AMULTSEL = A and BMULTSEL = B). For improved power characteristics, set DREG and ADREG to '1', tie CED, CEAD, and RSTD to logic '0'.
Related violations: <none>

AVAL-155#31 Advisory
enum_AMULTSEL_BMULTSEL_enum_DREG_ADREG_0_connects_CED_CEAD_RSTD_GND  
u_ibert_gth_core/inst/QUAD[3].u_q/CH[3].u_ch/U_PATTERN_HANDLER/bit_err_counter/u_accum_inst/i_synth/i_baseip.i_xbip_accum/dsp48_implementation.use_usecase.i_xbip_dsp48_acc/i_synth_option.i_synth_model/opt_vx5.i_uniwrap/i_primitive: DSP48E2 is not using the D port (AMULTSEL = A and BMULTSEL = B). For improved power characteristics, set DREG and ADREG to '1', tie CED, CEAD, and RSTD to logic '0'.
Related violations: <none>

AVAL-155#32 Advisory
enum_AMULTSEL_BMULTSEL_enum_DREG_ADREG_0_connects_CED_CEAD_RSTD_GND  
u_ibert_gth_core/inst/QUAD[3].u_q/CH[3].u_ch/U_PATTERN_HANDLER/rx_word_counter/u_accum_inst/i_synth/i_baseip.i_xbip_accum/dsp48_implementation.use_usecase.i_xbip_dsp48_acc/i_synth_option.i_synth_model/opt_vx5.i_uniwrap/i_primitive: DSP48E2 is not using the D port (AMULTSEL = A and BMULTSEL = B). For improved power characteristics, set DREG and ADREG to '1', tie CED, CEAD, and RSTD to logic '0'.
Related violations: <none>

AVAL-156#1 Advisory
enum_USE_MULT_NONE__enum_DREG_ADREG_0_connects_CED_CEAD_RSTD_GND  
u_ibert_gth_core/inst/QUAD[0].u_q/CH[0].u_ch/U_PATTERN_HANDLER/bit_err_counter/u_accum_inst/i_synth/i_baseip.i_xbip_accum/dsp48_implementation.use_usecase.i_xbip_dsp48_acc/i_synth_option.i_synth_model/opt_vx5.i_uniwrap/i_primitive: DSP48E2 is not using the Multiplier (USE_MULT = NONE). For improved power characteristics, set DREG and ADREG to '1', tie CED, CEAD, and RSTD to logic '0'.
Related violations: <none>

AVAL-156#2 Advisory
enum_USE_MULT_NONE__enum_DREG_ADREG_0_connects_CED_CEAD_RSTD_GND  
u_ibert_gth_core/inst/QUAD[0].u_q/CH[0].u_ch/U_PATTERN_HANDLER/rx_word_counter/u_accum_inst/i_synth/i_baseip.i_xbip_accum/dsp48_implementation.use_usecase.i_xbip_dsp48_acc/i_synth_option.i_synth_model/opt_vx5.i_uniwrap/i_primitive: DSP48E2 is not using the Multiplier (USE_MULT = NONE). For improved power characteristics, set DREG and ADREG to '1', tie CED, CEAD, and RSTD to logic '0'.
Related violations: <none>

AVAL-156#3 Advisory
enum_USE_MULT_NONE__enum_DREG_ADREG_0_connects_CED_CEAD_RSTD_GND  
u_ibert_gth_core/inst/QUAD[0].u_q/CH[1].u_ch/U_PATTERN_HANDLER/bit_err_counter/u_accum_inst/i_synth/i_baseip.i_xbip_accum/dsp48_implementation.use_usecase.i_xbip_dsp48_acc/i_synth_option.i_synth_model/opt_vx5.i_uniwrap/i_primitive: DSP48E2 is not using the Multiplier (USE_MULT = NONE). For improved power characteristics, set DREG and ADREG to '1', tie CED, CEAD, and RSTD to logic '0'.
Related violations: <none>

AVAL-156#4 Advisory
enum_USE_MULT_NONE__enum_DREG_ADREG_0_connects_CED_CEAD_RSTD_GND  
u_ibert_gth_core/inst/QUAD[0].u_q/CH[1].u_ch/U_PATTERN_HANDLER/rx_word_counter/u_accum_inst/i_synth/i_baseip.i_xbip_accum/dsp48_implementation.use_usecase.i_xbip_dsp48_acc/i_synth_option.i_synth_model/opt_vx5.i_uniwrap/i_primitive: DSP48E2 is not using the Multiplier (USE_MULT = NONE). For improved power characteristics, set DREG and ADREG to '1', tie CED, CEAD, and RSTD to logic '0'.
Related violations: <none>

AVAL-156#5 Advisory
enum_USE_MULT_NONE__enum_DREG_ADREG_0_connects_CED_CEAD_RSTD_GND  
u_ibert_gth_core/inst/QUAD[0].u_q/CH[2].u_ch/U_PATTERN_HANDLER/bit_err_counter/u_accum_inst/i_synth/i_baseip.i_xbip_accum/dsp48_implementation.use_usecase.i_xbip_dsp48_acc/i_synth_option.i_synth_model/opt_vx5.i_uniwrap/i_primitive: DSP48E2 is not using the Multiplier (USE_MULT = NONE). For improved power characteristics, set DREG and ADREG to '1', tie CED, CEAD, and RSTD to logic '0'.
Related violations: <none>

AVAL-156#6 Advisory
enum_USE_MULT_NONE__enum_DREG_ADREG_0_connects_CED_CEAD_RSTD_GND  
u_ibert_gth_core/inst/QUAD[0].u_q/CH[2].u_ch/U_PATTERN_HANDLER/rx_word_counter/u_accum_inst/i_synth/i_baseip.i_xbip_accum/dsp48_implementation.use_usecase.i_xbip_dsp48_acc/i_synth_option.i_synth_model/opt_vx5.i_uniwrap/i_primitive: DSP48E2 is not using the Multiplier (USE_MULT = NONE). For improved power characteristics, set DREG and ADREG to '1', tie CED, CEAD, and RSTD to logic '0'.
Related violations: <none>

AVAL-156#7 Advisory
enum_USE_MULT_NONE__enum_DREG_ADREG_0_connects_CED_CEAD_RSTD_GND  
u_ibert_gth_core/inst/QUAD[0].u_q/CH[3].u_ch/U_PATTERN_HANDLER/bit_err_counter/u_accum_inst/i_synth/i_baseip.i_xbip_accum/dsp48_implementation.use_usecase.i_xbip_dsp48_acc/i_synth_option.i_synth_model/opt_vx5.i_uniwrap/i_primitive: DSP48E2 is not using the Multiplier (USE_MULT = NONE). For improved power characteristics, set DREG and ADREG to '1', tie CED, CEAD, and RSTD to logic '0'.
Related violations: <none>

AVAL-156#8 Advisory
enum_USE_MULT_NONE__enum_DREG_ADREG_0_connects_CED_CEAD_RSTD_GND  
u_ibert_gth_core/inst/QUAD[0].u_q/CH[3].u_ch/U_PATTERN_HANDLER/rx_word_counter/u_accum_inst/i_synth/i_baseip.i_xbip_accum/dsp48_implementation.use_usecase.i_xbip_dsp48_acc/i_synth_option.i_synth_model/opt_vx5.i_uniwrap/i_primitive: DSP48E2 is not using the Multiplier (USE_MULT = NONE). For improved power characteristics, set DREG and ADREG to '1', tie CED, CEAD, and RSTD to logic '0'.
Related violations: <none>

AVAL-156#9 Advisory
enum_USE_MULT_NONE__enum_DREG_ADREG_0_connects_CED_CEAD_RSTD_GND  
u_ibert_gth_core/inst/QUAD[1].u_q/CH[0].u_ch/U_PATTERN_HANDLER/bit_err_counter/u_accum_inst/i_synth/i_baseip.i_xbip_accum/dsp48_implementation.use_usecase.i_xbip_dsp48_acc/i_synth_option.i_synth_model/opt_vx5.i_uniwrap/i_primitive: DSP48E2 is not using the Multiplier (USE_MULT = NONE). For improved power characteristics, set DREG and ADREG to '1', tie CED, CEAD, and RSTD to logic '0'.
Related violations: <none>

AVAL-156#10 Advisory
enum_USE_MULT_NONE__enum_DREG_ADREG_0_connects_CED_CEAD_RSTD_GND  
u_ibert_gth_core/inst/QUAD[1].u_q/CH[0].u_ch/U_PATTERN_HANDLER/rx_word_counter/u_accum_inst/i_synth/i_baseip.i_xbip_accum/dsp48_implementation.use_usecase.i_xbip_dsp48_acc/i_synth_option.i_synth_model/opt_vx5.i_uniwrap/i_primitive: DSP48E2 is not using the Multiplier (USE_MULT = NONE). For improved power characteristics, set DREG and ADREG to '1', tie CED, CEAD, and RSTD to logic '0'.
Related violations: <none>

AVAL-156#11 Advisory
enum_USE_MULT_NONE__enum_DREG_ADREG_0_connects_CED_CEAD_RSTD_GND  
u_ibert_gth_core/inst/QUAD[1].u_q/CH[1].u_ch/U_PATTERN_HANDLER/bit_err_counter/u_accum_inst/i_synth/i_baseip.i_xbip_accum/dsp48_implementation.use_usecase.i_xbip_dsp48_acc/i_synth_option.i_synth_model/opt_vx5.i_uniwrap/i_primitive: DSP48E2 is not using the Multiplier (USE_MULT = NONE). For improved power characteristics, set DREG and ADREG to '1', tie CED, CEAD, and RSTD to logic '0'.
Related violations: <none>

AVAL-156#12 Advisory
enum_USE_MULT_NONE__enum_DREG_ADREG_0_connects_CED_CEAD_RSTD_GND  
u_ibert_gth_core/inst/QUAD[1].u_q/CH[1].u_ch/U_PATTERN_HANDLER/rx_word_counter/u_accum_inst/i_synth/i_baseip.i_xbip_accum/dsp48_implementation.use_usecase.i_xbip_dsp48_acc/i_synth_option.i_synth_model/opt_vx5.i_uniwrap/i_primitive: DSP48E2 is not using the Multiplier (USE_MULT = NONE). For improved power characteristics, set DREG and ADREG to '1', tie CED, CEAD, and RSTD to logic '0'.
Related violations: <none>

AVAL-156#13 Advisory
enum_USE_MULT_NONE__enum_DREG_ADREG_0_connects_CED_CEAD_RSTD_GND  
u_ibert_gth_core/inst/QUAD[1].u_q/CH[2].u_ch/U_PATTERN_HANDLER/bit_err_counter/u_accum_inst/i_synth/i_baseip.i_xbip_accum/dsp48_implementation.use_usecase.i_xbip_dsp48_acc/i_synth_option.i_synth_model/opt_vx5.i_uniwrap/i_primitive: DSP48E2 is not using the Multiplier (USE_MULT = NONE). For improved power characteristics, set DREG and ADREG to '1', tie CED, CEAD, and RSTD to logic '0'.
Related violations: <none>

AVAL-156#14 Advisory
enum_USE_MULT_NONE__enum_DREG_ADREG_0_connects_CED_CEAD_RSTD_GND  
u_ibert_gth_core/inst/QUAD[1].u_q/CH[2].u_ch/U_PATTERN_HANDLER/rx_word_counter/u_accum_inst/i_synth/i_baseip.i_xbip_accum/dsp48_implementation.use_usecase.i_xbip_dsp48_acc/i_synth_option.i_synth_model/opt_vx5.i_uniwrap/i_primitive: DSP48E2 is not using the Multiplier (USE_MULT = NONE). For improved power characteristics, set DREG and ADREG to '1', tie CED, CEAD, and RSTD to logic '0'.
Related violations: <none>

AVAL-156#15 Advisory
enum_USE_MULT_NONE__enum_DREG_ADREG_0_connects_CED_CEAD_RSTD_GND  
u_ibert_gth_core/inst/QUAD[1].u_q/CH[3].u_ch/U_PATTERN_HANDLER/bit_err_counter/u_accum_inst/i_synth/i_baseip.i_xbip_accum/dsp48_implementation.use_usecase.i_xbip_dsp48_acc/i_synth_option.i_synth_model/opt_vx5.i_uniwrap/i_primitive: DSP48E2 is not using the Multiplier (USE_MULT = NONE). For improved power characteristics, set DREG and ADREG to '1', tie CED, CEAD, and RSTD to logic '0'.
Related violations: <none>

AVAL-156#16 Advisory
enum_USE_MULT_NONE__enum_DREG_ADREG_0_connects_CED_CEAD_RSTD_GND  
u_ibert_gth_core/inst/QUAD[1].u_q/CH[3].u_ch/U_PATTERN_HANDLER/rx_word_counter/u_accum_inst/i_synth/i_baseip.i_xbip_accum/dsp48_implementation.use_usecase.i_xbip_dsp48_acc/i_synth_option.i_synth_model/opt_vx5.i_uniwrap/i_primitive: DSP48E2 is not using the Multiplier (USE_MULT = NONE). For improved power characteristics, set DREG and ADREG to '1', tie CED, CEAD, and RSTD to logic '0'.
Related violations: <none>

AVAL-156#17 Advisory
enum_USE_MULT_NONE__enum_DREG_ADREG_0_connects_CED_CEAD_RSTD_GND  
u_ibert_gth_core/inst/QUAD[2].u_q/CH[0].u_ch/U_PATTERN_HANDLER/bit_err_counter/u_accum_inst/i_synth/i_baseip.i_xbip_accum/dsp48_implementation.use_usecase.i_xbip_dsp48_acc/i_synth_option.i_synth_model/opt_vx5.i_uniwrap/i_primitive: DSP48E2 is not using the Multiplier (USE_MULT = NONE). For improved power characteristics, set DREG and ADREG to '1', tie CED, CEAD, and RSTD to logic '0'.
Related violations: <none>

AVAL-156#18 Advisory
enum_USE_MULT_NONE__enum_DREG_ADREG_0_connects_CED_CEAD_RSTD_GND  
u_ibert_gth_core/inst/QUAD[2].u_q/CH[0].u_ch/U_PATTERN_HANDLER/rx_word_counter/u_accum_inst/i_synth/i_baseip.i_xbip_accum/dsp48_implementation.use_usecase.i_xbip_dsp48_acc/i_synth_option.i_synth_model/opt_vx5.i_uniwrap/i_primitive: DSP48E2 is not using the Multiplier (USE_MULT = NONE). For improved power characteristics, set DREG and ADREG to '1', tie CED, CEAD, and RSTD to logic '0'.
Related violations: <none>

AVAL-156#19 Advisory
enum_USE_MULT_NONE__enum_DREG_ADREG_0_connects_CED_CEAD_RSTD_GND  
u_ibert_gth_core/inst/QUAD[2].u_q/CH[1].u_ch/U_PATTERN_HANDLER/bit_err_counter/u_accum_inst/i_synth/i_baseip.i_xbip_accum/dsp48_implementation.use_usecase.i_xbip_dsp48_acc/i_synth_option.i_synth_model/opt_vx5.i_uniwrap/i_primitive: DSP48E2 is not using the Multiplier (USE_MULT = NONE). For improved power characteristics, set DREG and ADREG to '1', tie CED, CEAD, and RSTD to logic '0'.
Related violations: <none>

AVAL-156#20 Advisory
enum_USE_MULT_NONE__enum_DREG_ADREG_0_connects_CED_CEAD_RSTD_GND  
u_ibert_gth_core/inst/QUAD[2].u_q/CH[1].u_ch/U_PATTERN_HANDLER/rx_word_counter/u_accum_inst/i_synth/i_baseip.i_xbip_accum/dsp48_implementation.use_usecase.i_xbip_dsp48_acc/i_synth_option.i_synth_model/opt_vx5.i_uniwrap/i_primitive: DSP48E2 is not using the Multiplier (USE_MULT = NONE). For improved power characteristics, set DREG and ADREG to '1', tie CED, CEAD, and RSTD to logic '0'.
Related violations: <none>

AVAL-156#21 Advisory
enum_USE_MULT_NONE__enum_DREG_ADREG_0_connects_CED_CEAD_RSTD_GND  
u_ibert_gth_core/inst/QUAD[2].u_q/CH[2].u_ch/U_PATTERN_HANDLER/bit_err_counter/u_accum_inst/i_synth/i_baseip.i_xbip_accum/dsp48_implementation.use_usecase.i_xbip_dsp48_acc/i_synth_option.i_synth_model/opt_vx5.i_uniwrap/i_primitive: DSP48E2 is not using the Multiplier (USE_MULT = NONE). For improved power characteristics, set DREG and ADREG to '1', tie CED, CEAD, and RSTD to logic '0'.
Related violations: <none>

AVAL-156#22 Advisory
enum_USE_MULT_NONE__enum_DREG_ADREG_0_connects_CED_CEAD_RSTD_GND  
u_ibert_gth_core/inst/QUAD[2].u_q/CH[2].u_ch/U_PATTERN_HANDLER/rx_word_counter/u_accum_inst/i_synth/i_baseip.i_xbip_accum/dsp48_implementation.use_usecase.i_xbip_dsp48_acc/i_synth_option.i_synth_model/opt_vx5.i_uniwrap/i_primitive: DSP48E2 is not using the Multiplier (USE_MULT = NONE). For improved power characteristics, set DREG and ADREG to '1', tie CED, CEAD, and RSTD to logic '0'.
Related violations: <none>

AVAL-156#23 Advisory
enum_USE_MULT_NONE__enum_DREG_ADREG_0_connects_CED_CEAD_RSTD_GND  
u_ibert_gth_core/inst/QUAD[2].u_q/CH[3].u_ch/U_PATTERN_HANDLER/bit_err_counter/u_accum_inst/i_synth/i_baseip.i_xbip_accum/dsp48_implementation.use_usecase.i_xbip_dsp48_acc/i_synth_option.i_synth_model/opt_vx5.i_uniwrap/i_primitive: DSP48E2 is not using the Multiplier (USE_MULT = NONE). For improved power characteristics, set DREG and ADREG to '1', tie CED, CEAD, and RSTD to logic '0'.
Related violations: <none>

AVAL-156#24 Advisory
enum_USE_MULT_NONE__enum_DREG_ADREG_0_connects_CED_CEAD_RSTD_GND  
u_ibert_gth_core/inst/QUAD[2].u_q/CH[3].u_ch/U_PATTERN_HANDLER/rx_word_counter/u_accum_inst/i_synth/i_baseip.i_xbip_accum/dsp48_implementation.use_usecase.i_xbip_dsp48_acc/i_synth_option.i_synth_model/opt_vx5.i_uniwrap/i_primitive: DSP48E2 is not using the Multiplier (USE_MULT = NONE). For improved power characteristics, set DREG and ADREG to '1', tie CED, CEAD, and RSTD to logic '0'.
Related violations: <none>

AVAL-156#25 Advisory
enum_USE_MULT_NONE__enum_DREG_ADREG_0_connects_CED_CEAD_RSTD_GND  
u_ibert_gth_core/inst/QUAD[3].u_q/CH[0].u_ch/U_PATTERN_HANDLER/bit_err_counter/u_accum_inst/i_synth/i_baseip.i_xbip_accum/dsp48_implementation.use_usecase.i_xbip_dsp48_acc/i_synth_option.i_synth_model/opt_vx5.i_uniwrap/i_primitive: DSP48E2 is not using the Multiplier (USE_MULT = NONE). For improved power characteristics, set DREG and ADREG to '1', tie CED, CEAD, and RSTD to logic '0'.
Related violations: <none>

AVAL-156#26 Advisory
enum_USE_MULT_NONE__enum_DREG_ADREG_0_connects_CED_CEAD_RSTD_GND  
u_ibert_gth_core/inst/QUAD[3].u_q/CH[0].u_ch/U_PATTERN_HANDLER/rx_word_counter/u_accum_inst/i_synth/i_baseip.i_xbip_accum/dsp48_implementation.use_usecase.i_xbip_dsp48_acc/i_synth_option.i_synth_model/opt_vx5.i_uniwrap/i_primitive: DSP48E2 is not using the Multiplier (USE_MULT = NONE). For improved power characteristics, set DREG and ADREG to '1', tie CED, CEAD, and RSTD to logic '0'.
Related violations: <none>

AVAL-156#27 Advisory
enum_USE_MULT_NONE__enum_DREG_ADREG_0_connects_CED_CEAD_RSTD_GND  
u_ibert_gth_core/inst/QUAD[3].u_q/CH[1].u_ch/U_PATTERN_HANDLER/bit_err_counter/u_accum_inst/i_synth/i_baseip.i_xbip_accum/dsp48_implementation.use_usecase.i_xbip_dsp48_acc/i_synth_option.i_synth_model/opt_vx5.i_uniwrap/i_primitive: DSP48E2 is not using the Multiplier (USE_MULT = NONE). For improved power characteristics, set DREG and ADREG to '1', tie CED, CEAD, and RSTD to logic '0'.
Related violations: <none>

AVAL-156#28 Advisory
enum_USE_MULT_NONE__enum_DREG_ADREG_0_connects_CED_CEAD_RSTD_GND  
u_ibert_gth_core/inst/QUAD[3].u_q/CH[1].u_ch/U_PATTERN_HANDLER/rx_word_counter/u_accum_inst/i_synth/i_baseip.i_xbip_accum/dsp48_implementation.use_usecase.i_xbip_dsp48_acc/i_synth_option.i_synth_model/opt_vx5.i_uniwrap/i_primitive: DSP48E2 is not using the Multiplier (USE_MULT = NONE). For improved power characteristics, set DREG and ADREG to '1', tie CED, CEAD, and RSTD to logic '0'.
Related violations: <none>

AVAL-156#29 Advisory
enum_USE_MULT_NONE__enum_DREG_ADREG_0_connects_CED_CEAD_RSTD_GND  
u_ibert_gth_core/inst/QUAD[3].u_q/CH[2].u_ch/U_PATTERN_HANDLER/bit_err_counter/u_accum_inst/i_synth/i_baseip.i_xbip_accum/dsp48_implementation.use_usecase.i_xbip_dsp48_acc/i_synth_option.i_synth_model/opt_vx5.i_uniwrap/i_primitive: DSP48E2 is not using the Multiplier (USE_MULT = NONE). For improved power characteristics, set DREG and ADREG to '1', tie CED, CEAD, and RSTD to logic '0'.
Related violations: <none>

AVAL-156#30 Advisory
enum_USE_MULT_NONE__enum_DREG_ADREG_0_connects_CED_CEAD_RSTD_GND  
u_ibert_gth_core/inst/QUAD[3].u_q/CH[2].u_ch/U_PATTERN_HANDLER/rx_word_counter/u_accum_inst/i_synth/i_baseip.i_xbip_accum/dsp48_implementation.use_usecase.i_xbip_dsp48_acc/i_synth_option.i_synth_model/opt_vx5.i_uniwrap/i_primitive: DSP48E2 is not using the Multiplier (USE_MULT = NONE). For improved power characteristics, set DREG and ADREG to '1', tie CED, CEAD, and RSTD to logic '0'.
Related violations: <none>

AVAL-156#31 Advisory
enum_USE_MULT_NONE__enum_DREG_ADREG_0_connects_CED_CEAD_RSTD_GND  
u_ibert_gth_core/inst/QUAD[3].u_q/CH[3].u_ch/U_PATTERN_HANDLER/bit_err_counter/u_accum_inst/i_synth/i_baseip.i_xbip_accum/dsp48_implementation.use_usecase.i_xbip_dsp48_acc/i_synth_option.i_synth_model/opt_vx5.i_uniwrap/i_primitive: DSP48E2 is not using the Multiplier (USE_MULT = NONE). For improved power characteristics, set DREG and ADREG to '1', tie CED, CEAD, and RSTD to logic '0'.
Related violations: <none>

AVAL-156#32 Advisory
enum_USE_MULT_NONE__enum_DREG_ADREG_0_connects_CED_CEAD_RSTD_GND  
u_ibert_gth_core/inst/QUAD[3].u_q/CH[3].u_ch/U_PATTERN_HANDLER/rx_word_counter/u_accum_inst/i_synth/i_baseip.i_xbip_accum/dsp48_implementation.use_usecase.i_xbip_dsp48_acc/i_synth_option.i_synth_model/opt_vx5.i_uniwrap/i_primitive: DSP48E2 is not using the Multiplier (USE_MULT = NONE). For improved power characteristics, set DREG and ADREG to '1', tie CED, CEAD, and RSTD to logic '0'.
Related violations: <none>

REQP-1701#1 Advisory
enum_DREG_0_connects_CED_GND  
u_ibert_gth_core/inst/QUAD[0].u_q/CH[0].u_ch/U_PATTERN_HANDLER/bit_err_counter/u_accum_inst/i_synth/i_baseip.i_xbip_accum/dsp48_implementation.use_usecase.i_xbip_dsp48_acc/i_synth_option.i_synth_model/opt_vx5.i_uniwrap/i_primitive: When the DSP48E2 DREG attribute is set to 0, the CED input pin should be tied to GND to save power.
Related violations: <none>

REQP-1701#2 Advisory
enum_DREG_0_connects_CED_GND  
u_ibert_gth_core/inst/QUAD[0].u_q/CH[0].u_ch/U_PATTERN_HANDLER/rx_word_counter/u_accum_inst/i_synth/i_baseip.i_xbip_accum/dsp48_implementation.use_usecase.i_xbip_dsp48_acc/i_synth_option.i_synth_model/opt_vx5.i_uniwrap/i_primitive: When the DSP48E2 DREG attribute is set to 0, the CED input pin should be tied to GND to save power.
Related violations: <none>

REQP-1701#3 Advisory
enum_DREG_0_connects_CED_GND  
u_ibert_gth_core/inst/QUAD[0].u_q/CH[1].u_ch/U_PATTERN_HANDLER/bit_err_counter/u_accum_inst/i_synth/i_baseip.i_xbip_accum/dsp48_implementation.use_usecase.i_xbip_dsp48_acc/i_synth_option.i_synth_model/opt_vx5.i_uniwrap/i_primitive: When the DSP48E2 DREG attribute is set to 0, the CED input pin should be tied to GND to save power.
Related violations: <none>

REQP-1701#4 Advisory
enum_DREG_0_connects_CED_GND  
u_ibert_gth_core/inst/QUAD[0].u_q/CH[1].u_ch/U_PATTERN_HANDLER/rx_word_counter/u_accum_inst/i_synth/i_baseip.i_xbip_accum/dsp48_implementation.use_usecase.i_xbip_dsp48_acc/i_synth_option.i_synth_model/opt_vx5.i_uniwrap/i_primitive: When the DSP48E2 DREG attribute is set to 0, the CED input pin should be tied to GND to save power.
Related violations: <none>

REQP-1701#5 Advisory
enum_DREG_0_connects_CED_GND  
u_ibert_gth_core/inst/QUAD[0].u_q/CH[2].u_ch/U_PATTERN_HANDLER/bit_err_counter/u_accum_inst/i_synth/i_baseip.i_xbip_accum/dsp48_implementation.use_usecase.i_xbip_dsp48_acc/i_synth_option.i_synth_model/opt_vx5.i_uniwrap/i_primitive: When the DSP48E2 DREG attribute is set to 0, the CED input pin should be tied to GND to save power.
Related violations: <none>

REQP-1701#6 Advisory
enum_DREG_0_connects_CED_GND  
u_ibert_gth_core/inst/QUAD[0].u_q/CH[2].u_ch/U_PATTERN_HANDLER/rx_word_counter/u_accum_inst/i_synth/i_baseip.i_xbip_accum/dsp48_implementation.use_usecase.i_xbip_dsp48_acc/i_synth_option.i_synth_model/opt_vx5.i_uniwrap/i_primitive: When the DSP48E2 DREG attribute is set to 0, the CED input pin should be tied to GND to save power.
Related violations: <none>

REQP-1701#7 Advisory
enum_DREG_0_connects_CED_GND  
u_ibert_gth_core/inst/QUAD[0].u_q/CH[3].u_ch/U_PATTERN_HANDLER/bit_err_counter/u_accum_inst/i_synth/i_baseip.i_xbip_accum/dsp48_implementation.use_usecase.i_xbip_dsp48_acc/i_synth_option.i_synth_model/opt_vx5.i_uniwrap/i_primitive: When the DSP48E2 DREG attribute is set to 0, the CED input pin should be tied to GND to save power.
Related violations: <none>

REQP-1701#8 Advisory
enum_DREG_0_connects_CED_GND  
u_ibert_gth_core/inst/QUAD[0].u_q/CH[3].u_ch/U_PATTERN_HANDLER/rx_word_counter/u_accum_inst/i_synth/i_baseip.i_xbip_accum/dsp48_implementation.use_usecase.i_xbip_dsp48_acc/i_synth_option.i_synth_model/opt_vx5.i_uniwrap/i_primitive: When the DSP48E2 DREG attribute is set to 0, the CED input pin should be tied to GND to save power.
Related violations: <none>

REQP-1701#9 Advisory
enum_DREG_0_connects_CED_GND  
u_ibert_gth_core/inst/QUAD[1].u_q/CH[0].u_ch/U_PATTERN_HANDLER/bit_err_counter/u_accum_inst/i_synth/i_baseip.i_xbip_accum/dsp48_implementation.use_usecase.i_xbip_dsp48_acc/i_synth_option.i_synth_model/opt_vx5.i_uniwrap/i_primitive: When the DSP48E2 DREG attribute is set to 0, the CED input pin should be tied to GND to save power.
Related violations: <none>

REQP-1701#10 Advisory
enum_DREG_0_connects_CED_GND  
u_ibert_gth_core/inst/QUAD[1].u_q/CH[0].u_ch/U_PATTERN_HANDLER/rx_word_counter/u_accum_inst/i_synth/i_baseip.i_xbip_accum/dsp48_implementation.use_usecase.i_xbip_dsp48_acc/i_synth_option.i_synth_model/opt_vx5.i_uniwrap/i_primitive: When the DSP48E2 DREG attribute is set to 0, the CED input pin should be tied to GND to save power.
Related violations: <none>

REQP-1701#11 Advisory
enum_DREG_0_connects_CED_GND  
u_ibert_gth_core/inst/QUAD[1].u_q/CH[1].u_ch/U_PATTERN_HANDLER/bit_err_counter/u_accum_inst/i_synth/i_baseip.i_xbip_accum/dsp48_implementation.use_usecase.i_xbip_dsp48_acc/i_synth_option.i_synth_model/opt_vx5.i_uniwrap/i_primitive: When the DSP48E2 DREG attribute is set to 0, the CED input pin should be tied to GND to save power.
Related violations: <none>

REQP-1701#12 Advisory
enum_DREG_0_connects_CED_GND  
u_ibert_gth_core/inst/QUAD[1].u_q/CH[1].u_ch/U_PATTERN_HANDLER/rx_word_counter/u_accum_inst/i_synth/i_baseip.i_xbip_accum/dsp48_implementation.use_usecase.i_xbip_dsp48_acc/i_synth_option.i_synth_model/opt_vx5.i_uniwrap/i_primitive: When the DSP48E2 DREG attribute is set to 0, the CED input pin should be tied to GND to save power.
Related violations: <none>

REQP-1701#13 Advisory
enum_DREG_0_connects_CED_GND  
u_ibert_gth_core/inst/QUAD[1].u_q/CH[2].u_ch/U_PATTERN_HANDLER/bit_err_counter/u_accum_inst/i_synth/i_baseip.i_xbip_accum/dsp48_implementation.use_usecase.i_xbip_dsp48_acc/i_synth_option.i_synth_model/opt_vx5.i_uniwrap/i_primitive: When the DSP48E2 DREG attribute is set to 0, the CED input pin should be tied to GND to save power.
Related violations: <none>

REQP-1701#14 Advisory
enum_DREG_0_connects_CED_GND  
u_ibert_gth_core/inst/QUAD[1].u_q/CH[2].u_ch/U_PATTERN_HANDLER/rx_word_counter/u_accum_inst/i_synth/i_baseip.i_xbip_accum/dsp48_implementation.use_usecase.i_xbip_dsp48_acc/i_synth_option.i_synth_model/opt_vx5.i_uniwrap/i_primitive: When the DSP48E2 DREG attribute is set to 0, the CED input pin should be tied to GND to save power.
Related violations: <none>

REQP-1701#15 Advisory
enum_DREG_0_connects_CED_GND  
u_ibert_gth_core/inst/QUAD[1].u_q/CH[3].u_ch/U_PATTERN_HANDLER/bit_err_counter/u_accum_inst/i_synth/i_baseip.i_xbip_accum/dsp48_implementation.use_usecase.i_xbip_dsp48_acc/i_synth_option.i_synth_model/opt_vx5.i_uniwrap/i_primitive: When the DSP48E2 DREG attribute is set to 0, the CED input pin should be tied to GND to save power.
Related violations: <none>

REQP-1701#16 Advisory
enum_DREG_0_connects_CED_GND  
u_ibert_gth_core/inst/QUAD[1].u_q/CH[3].u_ch/U_PATTERN_HANDLER/rx_word_counter/u_accum_inst/i_synth/i_baseip.i_xbip_accum/dsp48_implementation.use_usecase.i_xbip_dsp48_acc/i_synth_option.i_synth_model/opt_vx5.i_uniwrap/i_primitive: When the DSP48E2 DREG attribute is set to 0, the CED input pin should be tied to GND to save power.
Related violations: <none>

REQP-1701#17 Advisory
enum_DREG_0_connects_CED_GND  
u_ibert_gth_core/inst/QUAD[2].u_q/CH[0].u_ch/U_PATTERN_HANDLER/bit_err_counter/u_accum_inst/i_synth/i_baseip.i_xbip_accum/dsp48_implementation.use_usecase.i_xbip_dsp48_acc/i_synth_option.i_synth_model/opt_vx5.i_uniwrap/i_primitive: When the DSP48E2 DREG attribute is set to 0, the CED input pin should be tied to GND to save power.
Related violations: <none>

REQP-1701#18 Advisory
enum_DREG_0_connects_CED_GND  
u_ibert_gth_core/inst/QUAD[2].u_q/CH[0].u_ch/U_PATTERN_HANDLER/rx_word_counter/u_accum_inst/i_synth/i_baseip.i_xbip_accum/dsp48_implementation.use_usecase.i_xbip_dsp48_acc/i_synth_option.i_synth_model/opt_vx5.i_uniwrap/i_primitive: When the DSP48E2 DREG attribute is set to 0, the CED input pin should be tied to GND to save power.
Related violations: <none>

REQP-1701#19 Advisory
enum_DREG_0_connects_CED_GND  
u_ibert_gth_core/inst/QUAD[2].u_q/CH[1].u_ch/U_PATTERN_HANDLER/bit_err_counter/u_accum_inst/i_synth/i_baseip.i_xbip_accum/dsp48_implementation.use_usecase.i_xbip_dsp48_acc/i_synth_option.i_synth_model/opt_vx5.i_uniwrap/i_primitive: When the DSP48E2 DREG attribute is set to 0, the CED input pin should be tied to GND to save power.
Related violations: <none>

REQP-1701#20 Advisory
enum_DREG_0_connects_CED_GND  
u_ibert_gth_core/inst/QUAD[2].u_q/CH[1].u_ch/U_PATTERN_HANDLER/rx_word_counter/u_accum_inst/i_synth/i_baseip.i_xbip_accum/dsp48_implementation.use_usecase.i_xbip_dsp48_acc/i_synth_option.i_synth_model/opt_vx5.i_uniwrap/i_primitive: When the DSP48E2 DREG attribute is set to 0, the CED input pin should be tied to GND to save power.
Related violations: <none>

REQP-1701#21 Advisory
enum_DREG_0_connects_CED_GND  
u_ibert_gth_core/inst/QUAD[2].u_q/CH[2].u_ch/U_PATTERN_HANDLER/bit_err_counter/u_accum_inst/i_synth/i_baseip.i_xbip_accum/dsp48_implementation.use_usecase.i_xbip_dsp48_acc/i_synth_option.i_synth_model/opt_vx5.i_uniwrap/i_primitive: When the DSP48E2 DREG attribute is set to 0, the CED input pin should be tied to GND to save power.
Related violations: <none>

REQP-1701#22 Advisory
enum_DREG_0_connects_CED_GND  
u_ibert_gth_core/inst/QUAD[2].u_q/CH[2].u_ch/U_PATTERN_HANDLER/rx_word_counter/u_accum_inst/i_synth/i_baseip.i_xbip_accum/dsp48_implementation.use_usecase.i_xbip_dsp48_acc/i_synth_option.i_synth_model/opt_vx5.i_uniwrap/i_primitive: When the DSP48E2 DREG attribute is set to 0, the CED input pin should be tied to GND to save power.
Related violations: <none>

REQP-1701#23 Advisory
enum_DREG_0_connects_CED_GND  
u_ibert_gth_core/inst/QUAD[2].u_q/CH[3].u_ch/U_PATTERN_HANDLER/bit_err_counter/u_accum_inst/i_synth/i_baseip.i_xbip_accum/dsp48_implementation.use_usecase.i_xbip_dsp48_acc/i_synth_option.i_synth_model/opt_vx5.i_uniwrap/i_primitive: When the DSP48E2 DREG attribute is set to 0, the CED input pin should be tied to GND to save power.
Related violations: <none>

REQP-1701#24 Advisory
enum_DREG_0_connects_CED_GND  
u_ibert_gth_core/inst/QUAD[2].u_q/CH[3].u_ch/U_PATTERN_HANDLER/rx_word_counter/u_accum_inst/i_synth/i_baseip.i_xbip_accum/dsp48_implementation.use_usecase.i_xbip_dsp48_acc/i_synth_option.i_synth_model/opt_vx5.i_uniwrap/i_primitive: When the DSP48E2 DREG attribute is set to 0, the CED input pin should be tied to GND to save power.
Related violations: <none>

REQP-1701#25 Advisory
enum_DREG_0_connects_CED_GND  
u_ibert_gth_core/inst/QUAD[3].u_q/CH[0].u_ch/U_PATTERN_HANDLER/bit_err_counter/u_accum_inst/i_synth/i_baseip.i_xbip_accum/dsp48_implementation.use_usecase.i_xbip_dsp48_acc/i_synth_option.i_synth_model/opt_vx5.i_uniwrap/i_primitive: When the DSP48E2 DREG attribute is set to 0, the CED input pin should be tied to GND to save power.
Related violations: <none>

REQP-1701#26 Advisory
enum_DREG_0_connects_CED_GND  
u_ibert_gth_core/inst/QUAD[3].u_q/CH[0].u_ch/U_PATTERN_HANDLER/rx_word_counter/u_accum_inst/i_synth/i_baseip.i_xbip_accum/dsp48_implementation.use_usecase.i_xbip_dsp48_acc/i_synth_option.i_synth_model/opt_vx5.i_uniwrap/i_primitive: When the DSP48E2 DREG attribute is set to 0, the CED input pin should be tied to GND to save power.
Related violations: <none>

REQP-1701#27 Advisory
enum_DREG_0_connects_CED_GND  
u_ibert_gth_core/inst/QUAD[3].u_q/CH[1].u_ch/U_PATTERN_HANDLER/bit_err_counter/u_accum_inst/i_synth/i_baseip.i_xbip_accum/dsp48_implementation.use_usecase.i_xbip_dsp48_acc/i_synth_option.i_synth_model/opt_vx5.i_uniwrap/i_primitive: When the DSP48E2 DREG attribute is set to 0, the CED input pin should be tied to GND to save power.
Related violations: <none>

REQP-1701#28 Advisory
enum_DREG_0_connects_CED_GND  
u_ibert_gth_core/inst/QUAD[3].u_q/CH[1].u_ch/U_PATTERN_HANDLER/rx_word_counter/u_accum_inst/i_synth/i_baseip.i_xbip_accum/dsp48_implementation.use_usecase.i_xbip_dsp48_acc/i_synth_option.i_synth_model/opt_vx5.i_uniwrap/i_primitive: When the DSP48E2 DREG attribute is set to 0, the CED input pin should be tied to GND to save power.
Related violations: <none>

REQP-1701#29 Advisory
enum_DREG_0_connects_CED_GND  
u_ibert_gth_core/inst/QUAD[3].u_q/CH[2].u_ch/U_PATTERN_HANDLER/bit_err_counter/u_accum_inst/i_synth/i_baseip.i_xbip_accum/dsp48_implementation.use_usecase.i_xbip_dsp48_acc/i_synth_option.i_synth_model/opt_vx5.i_uniwrap/i_primitive: When the DSP48E2 DREG attribute is set to 0, the CED input pin should be tied to GND to save power.
Related violations: <none>

REQP-1701#30 Advisory
enum_DREG_0_connects_CED_GND  
u_ibert_gth_core/inst/QUAD[3].u_q/CH[2].u_ch/U_PATTERN_HANDLER/rx_word_counter/u_accum_inst/i_synth/i_baseip.i_xbip_accum/dsp48_implementation.use_usecase.i_xbip_dsp48_acc/i_synth_option.i_synth_model/opt_vx5.i_uniwrap/i_primitive: When the DSP48E2 DREG attribute is set to 0, the CED input pin should be tied to GND to save power.
Related violations: <none>

REQP-1701#31 Advisory
enum_DREG_0_connects_CED_GND  
u_ibert_gth_core/inst/QUAD[3].u_q/CH[3].u_ch/U_PATTERN_HANDLER/bit_err_counter/u_accum_inst/i_synth/i_baseip.i_xbip_accum/dsp48_implementation.use_usecase.i_xbip_dsp48_acc/i_synth_option.i_synth_model/opt_vx5.i_uniwrap/i_primitive: When the DSP48E2 DREG attribute is set to 0, the CED input pin should be tied to GND to save power.
Related violations: <none>

REQP-1701#32 Advisory
enum_DREG_0_connects_CED_GND  
u_ibert_gth_core/inst/QUAD[3].u_q/CH[3].u_ch/U_PATTERN_HANDLER/rx_word_counter/u_accum_inst/i_synth/i_baseip.i_xbip_accum/dsp48_implementation.use_usecase.i_xbip_dsp48_acc/i_synth_option.i_synth_model/opt_vx5.i_uniwrap/i_primitive: When the DSP48E2 DREG attribute is set to 0, the CED input pin should be tied to GND to save power.
Related violations: <none>


